2026-06-26 11:54:25,087 - INFO - 
=====================================

APPLICATION STARTED

=====================================
2026-06-26 11:54:25,091 - INFO - Started server process [48807]
2026-06-26 11:54:25,091 - INFO - Waiting for application startup.
2026-06-26 11:54:25,092 - INFO - Application startup complete.
2026-06-26 11:54:25,093 - INFO - Uvicorn running on http://127.0.0.1:8000 (Press CTRL+C to quit)
2026-06-26 11:55:03,359 - INFO - Status changed: IDLE, message: IDLE
2026-06-26 11:55:06,197 - INFO - Fetching drives with partitions
2026-06-26 11:55:06,215 - INFO - Found drives with partitions: [{'node': '/dev/sdb', 'vendor': 'iStorage', 'model': 'datAshur_PRO2', 'serial': '8008221500468', 'size': 7633633280, 'size_human': '7.11 GB', 'partitions': []}]
2026-06-26 11:55:06,222 - INFO - Looking for folders in /home/testuser/Documents/Projects/pretendDrive
2026-06-26 11:55:06,223 - INFO - Found folders: ['drive2', 'drive1']
2026-06-26 11:55:16,855 - INFO - Received request to partition drive: /dev/sdb with partition name: TestFormat
2026-06-26 11:55:16,855 - INFO - Partitioning drive /dev/sdb with partition name: TestFormat
2026-06-26 11:55:17,630 - INFO - Status changed: PARTITIONING, message: Initialising partitioning...
2026-06-26 11:58:04,203 - INFO - Partition created successfully: /dev/sdb1 with label TESTFORMAT
2026-06-26 11:58:04,203 - INFO - Partition created successfully: True
2026-06-26 11:58:05,868 - INFO - Status changed: IDLE, message: Drive partitioned successfully
2026-06-26 11:59:49,053 - INFO - Shutting down
2026-06-26 11:59:49,154 - INFO - Waiting for application shutdown.
2026-06-26 11:59:49,155 - INFO - Application shutdown complete.
2026-06-26 11:59:49,156 - INFO - Finished server process [48807]
2026-06-26 11:59:50,612 - INFO - 
=====================================

APPLICATION STARTED

=====================================
2026-06-26 11:59:50,617 - INFO - Started server process [50394]
2026-06-26 11:59:50,618 - INFO - Waiting for application startup.
2026-06-26 11:59:50,618 - INFO - Application startup complete.
2026-06-26 11:59:50,619 - INFO - Uvicorn running on http://127.0.0.1:8000 (Press CTRL+C to quit)
2026-06-26 11:59:52,240 - INFO - Status changed: IDLE, message: IDLE
2026-06-26 11:59:56,597 - INFO - Fetching drives with partitions
2026-06-26 11:59:56,634 - INFO - Found drives with partitions: [{'node': '/dev/sdb', 'vendor': 'iStorage', 'model': 'datAshur_PRO2', 'serial': '8008221500468', 'size': 7633633280, 'size_human': '7.11 GB', 'partitions': []}]
2026-06-26 11:59:56,639 - INFO - Looking for folders in /home/testuser/Documents/Projects/pretendDrive
2026-06-26 11:59:56,640 - INFO - Found folders: ['drive2', 'drive1']
2026-06-26 12:00:10,837 - INFO - Received request to partition drive: /dev/sdb with partition name: test_vol
2026-06-26 12:00:10,837 - INFO - Partitioning drive /dev/sdb with partition name: test_vol
2026-06-26 12:00:11,189 - INFO - Status changed: PARTITIONING, message: Naming partition...
2026-06-26 12:00:13,191 - INFO - Status changed: PARTITIONING, message: Notifying kernel of partition table change...
2026-06-26 12:00:14,385 - INFO - Partition created successfully: /dev/sdb1 with label TEST_VOL
2026-06-26 12:00:14,386 - INFO - Partition created successfully: True
2026-06-26 12:00:15,202 - INFO - Status changed: IDLE, message: Drive partitioned successfully
